%!Adobe-FontList 1.11
%Locale:0x4009

%BeginFont
Handler:DirectoryHandler
FontType:TrueType
FontName:Angelina
FamilyName:Angelina
StyleName:Regular
FullName:Angelina
MenuName:Angelina
StyleBits:0
WritingScript:Roman
OutlineFileName:D:\Nayan_Works\website\Sabyasachi website\Website\Font\angelina.TTF
DataFormat:sfntData
FileLength:77048
FileModTime:1346424724
WeightClass:400
WidthClass:5
AngleClass:0
%EndFont

%BeginFont
Handler:DirectoryHandler
FontType:TrueType
FontName:EraserDust
FamilyName:EraserDust
StyleName:Regular
FullName:EraserDust
MenuName:EraserDust
StyleBits:0
WritingScript:Roman
OutlineFileName:D:\Nayan_Works\website\Sabyasachi website\Website\Font\erasdust.ttf
DataFormat:sfntData
FileLength:98456
FileModTime:878281320
WeightClass:400
WidthClass:5
AngleClass:0
%EndFont

%BeginFont
Handler:DirectoryHandler
FontType:TrueType
FontName:Eraser-Regular
FamilyName:Eraser
StyleName:Regular
FullName:Eraser Regular
MenuName:Eraser
StyleBits:0
WritingScript:Roman
OutlineFileName:D:\Nayan_Works\website\Sabyasachi website\Website\Font\ERDUST__.TTF
DataFormat:sfntData
FileLength:127032
FileModTime:705788160
WeightClass:5
WidthClass:5
AngleClass:0
%EndFont

%BeginFont
Handler:DirectoryHandler
FontType:TrueType
FontName:VinerHandITC
FamilyName:Viner Hand ITC
StyleName:Regular
FullName:Viner Hand ITC
MenuName:Viner Hand ITC
StyleBits:0
WritingScript:Roman
OutlineFileName:D:\Nayan_Works\website\Sabyasachi website\Website\Font\VINERITC.TTF
DataFormat:sfntData
FileLength:104372
FileModTime:939957964
WeightClass:400
WidthClass:5
AngleClass:0
%EndFont

